INFO     tests.common.reboot:reboot.py:266 Rebooting str4-7060x6-512-4 via gNOI System.Reboot
WARNING  tests.common.helpers.dut_utils:dut_utils.py:482 Issue trying to clear console port: Paramiko: 'No existing session' error: try increasing 'conn_timeout' to 15 seconds or larger.
INFO     paramiko.transport:transport.py:1938 Connected (version 2.0, client OpenSSH_4.5)
WARNING  tests.common.helpers.dut_utils:dut_utils.py:498 Attempt 1/3 failed: Paramiko: 'No existing session' error: try increasing 'conn_timeout' to 15 seconds or larger.
INFO     paramiko.transport:transport.py:1938 Connected (version 2.0, client OpenSSH_4.5)
WARNING  tests.common.helpers.dut_utils:dut_utils.py:498 Attempt 2/3 failed: Paramiko: 'No existing session' error: try increasing 'conn_timeout' to 15 seconds or larger.
ERROR    paramiko.transport:transport.py:1938 Exception (client): Error reading SSH protocol banner[Errno 104] Connection reset by peer
ERROR    paramiko.transport:transport.py:1936 Traceback (most recent call last):
ERROR    paramiko.transport:transport.py:1936   File "/opt/venv/lib/python3.12/site-packages/paramiko/transport.py", line 2363, in _check_banner
ERROR    paramiko.transport:transport.py:1936     buf = self.packetizer.readline(timeout)
ERROR    paramiko.transport:transport.py:1936           ^^^^^^^^^^^^^^^^^^^^^^^^^^^^^^^^^
ERROR    paramiko.transport:transport.py:1936   File "/opt/venv/lib/python3.12/site-packages/paramiko/packet.py", line 395, in readline
ERROR    paramiko.transport:transport.py:1936     buf += self._read_timeout(timeout)
ERROR    paramiko.transport:transport.py:1936            ^^^^^^^^^^^^^^^^^^^^^^^^^^^
ERROR    paramiko.transport:transport.py:1936   File "/opt/venv/lib/python3.12/site-packages/paramiko/packet.py", line 663, in _read_timeout
ERROR    paramiko.transport:transport.py:1936     x = self.__socket.recv(128)
ERROR    paramiko.transport:transport.py:1936         ^^^^^^^^^^^^^^^^^^^^^^^
ERROR    paramiko.transport:transport.py:1936 ConnectionResetError: [Errno 104] Connection reset by peer
ERROR    paramiko.transport:transport.py:1936 
ERROR    paramiko.transport:transport.py:1936 During handling of the above exception, another exception occurred:
ERROR    paramiko.transport:transport.py:1936 
ERROR    paramiko.transport:transport.py:1936 Traceback (most recent call last):
ERROR    paramiko.transport:transport.py:1936   File "/opt/venv/lib/python3.12/site-packages/paramiko/transport.py", line 2179, in run
ERROR    paramiko.transport:transport.py:1936     self._check_banner()
ERROR    paramiko.transport:transport.py:1936   File "/opt/venv/lib/python3.12/site-packages/paramiko/transport.py", line 2367, in _check_banner
ERROR    paramiko.transport:transport.py:1936     raise SSHException(
ERROR    paramiko.transport:transport.py:1936 paramiko.ssh_exception.SSHException: Error reading SSH protocol banner[Errno 104] Connection reset by peer
ERROR    paramiko.transport:transport.py:1936 
WARNING  tests.common.helpers.dut_utils:dut_utils.py:498 Attempt 3/3 failed: 
A paramiko SSHException occurred during connection creation:

Error reading SSH protocol banner[Errno 104] Connection reset by peer


WARNING  tests.common.reboot:reboot.py:744 Fail to create dut console. Please check console config or if console works ro not. Failed to set up connection to console port. See warning logs for details.
WARNING  tests.common.reboot:reboot.py:759 dut console is not ready, we cannot get log by console
ERROR    root:__init__.py:40 Traceback (most recent call last):
  File "/opt/venv/lib/python3.12/site-packages/_pytest/python.py", line 1720, in runtest
    self.ihook.pytest_pyfunc_call(pyfuncitem=self)
  File "/opt/venv/lib/python3.12/site-packages/pluggy/_hooks.py", line 512, in __call__
    return self._hookexec(self.name, self._hookimpls.copy(), kwargs, firstresult)
           ^^^^^^^^^^^^^^^^^^^^^^^^^^^^^^^^^^^^^^^^^^^^^^^^^^^^^^^^^^^^^^^^^^^^^^
  File "/opt/venv/lib/python3.12/site-packages/pluggy/_manager.py", line 120, in _hookexec
    return self._inner_hookexec(hook_name, methods, kwargs, firstresult)
           ^^^^^^^^^^^^^^^^^^^^^^^^^^^^^^^^^^^^^^^^^^^^^^^^^^^^^^^^^^^^^
  File "/opt/venv/lib/python3.12/site-packages/pluggy/_callers.py", line 167, in _multicall
    raise exception
  File "/opt/venv/lib/python3.12/site-packages/pluggy/_callers.py", line 121, in _multicall
    res = hook_impl.function(*args)
          ^^^^^^^^^^^^^^^^^^^^^^^^^
  File "/opt/venv/lib/python3.12/site-packages/_pytest/python.py", line 166, in pytest_pyfunc_call
    result = testfunction(**testargs)
             ^^^^^^^^^^^^^^^^^^^^^^^^
  File "/var/src/sonic-mgmt-int/tests/platform_tests/test_reboot.py", line 219, in test_cold_reboot
    reboot_and_check(localhost, duthost, conn_graph_facts.get("device_conn", {}).get(duthost.hostname, {}),
  File "/var/src/sonic-mgmt-int/tests/platform_tests/test_reboot.py", line 116, in reboot_and_check
    reboot(dut, localhost, reboot_type=reboot_type,
  File "/var/src/sonic-mgmt-int/tests/common/plugins/loganalyzer/utils.py", line 25, in decorated
    res = func(*args, **kwargs)
          ^^^^^^^^^^^^^^^^^^^^^
  File "/var/src/sonic-mgmt-int/tests/common/helpers/parallel_utils.py", line 336, in wrapper
    return func(*args, **kwargs)
           ^^^^^^^^^^^^^^^^^^^^^
  File "/var/src/sonic-mgmt-int/tests/common/reboot.py", line 413, in reboot
    wait_for_shutdown(duthost, localhost, delay, timeout, reboot_res)
  File "/var/src/sonic-mgmt-int/tests/common/reboot.py", line 218, in wait_for_shutdown
    logger.error('reboot result: {} on {}'.format(reboot_res.get(), hostname))
                                                  ^^^^^^^^^^^^^^^^
  File "/usr/lib/python3.12/multiprocessing/pool.py", line 774, in get
    raise self._value
  File "/usr/lib/python3.12/multiprocessing/pool.py", line 125, in worker
    result = (True, func(*args, **kwds))
                    ^^^^^^^^^^^^^^^^^^^
  File "/var/src/sonic-mgmt-int/tests/common/reboot.py", line 267, in execute_gnoi_reboot_command
    ptf_gnoi.system_reboot(
  File "/var/src/sonic-mgmt-int/tests/common/ptf_gnoi.py", line 165, in system_reboot
    response = self.grpc_client.call_unary("gnoi.system.System", "Reboot", request)
               ^^^^^^^^^^^^^^^^^^^^^^^^^^^^^^^^^^^^^^^^^^^^^^^^^^^^^^^^^^^^^^^^^^^^
  File "/var/src/sonic-mgmt-int/tests/common/ptf_grpc.py", line 392, in call_unary
    result = self._execute_grpcurl(cmd, request_data)
             ^^^^^^^^^^^^^^^^^^^^^^^^^^^^^^^^^^^^^^^^
  File "/var/src/sonic-mgmt-int/tests/common/ptf_grpc.py", line 192, in _execute_grpcurl
    raise PtfGrpcError(f"grpcurl failed: {stderr}")
tests.common.ptf_grpc.PtfGrpcError: grpcurl failed: 
